---
source: compiler/danubec_semantic/src/tests/mod.rs
expression: table
---
Env {
    modules: SlotMap {
        slots: [
            Slot {
                version: 0,
                next_free: 0,
            },
            Slot {
                version: 1,
                value: Module {
                    parent: None,
                    children: {
                        Symbol(
                            0,
                        ): ModuleId(
                            2v1,
                        ),
                        Symbol(
                            2,
                        ): ModuleId(
                            4v1,
                        ),
                        Symbol(
                            1,
                        ): ModuleId(
                            3v1,
                        ),
                        Symbol(
                            3,
                        ): ModuleId(
                            5v1,
                        ),
                    },
                    scope: ScopeId(
                        1v1,
                    ),
                    file: FileId(
                        1v1,
                    ),
                },
            },
            Slot {
                version: 1,
                value: Module {
                    parent: Some(
                        ModuleId(
                            1v1,
                        ),
                    ),
                    children: {},
                    scope: ScopeId(
                        3v1,
                    ),
                    file: FileId(
                        2v1,
                    ),
                },
            },
            Slot {
                version: 1,
                value: Module {
                    parent: Some(
                        ModuleId(
                            1v1,
                        ),
                    ),
                    children: {},
                    scope: ScopeId(
                        4v1,
                    ),
                    file: FileId(
                        3v1,
                    ),
                },
            },
            Slot {
                version: 1,
                value: Module {
                    parent: Some(
                        ModuleId(
                            1v1,
                        ),
                    ),
                    children: {},
                    scope: ScopeId(
                        5v1,
                    ),
                    file: FileId(
                        4v1,
                    ),
                },
            },
            Slot {
                version: 1,
                value: Module {
                    parent: Some(
                        ModuleId(
                            1v1,
                        ),
                    ),
                    children: {},
                    scope: ScopeId(
                        6v1,
                    ),
                    file: FileId(
                        5v1,
                    ),
                },
            },
        ],
        free_head: 6,
        num_elems: 5,
        _k: PhantomData<fn(danubec_symbol::ModuleId) -> danubec_symbol::ModuleId>,
    },
    scopes: SlotMap {
        slots: [
            Slot {
                version: 0,
                next_free: 0,
            },
            Slot {
                version: 1,
                value: Scope {
                    module: None,
                    parent: None,
                    kind: Module,
                    definitions: {
                        (
                            Type,
                            Symbol(
                                2,
                            ),
                        ): [
                            DefinitionId(
                                3v1,
                            ),
                        ],
                        (
                            Type,
                            Symbol(
                                0,
                            ),
                        ): [
                            DefinitionId(
                                1v1,
                            ),
                        ],
                        (
                            Type,
                            Symbol(
                                3,
                            ),
                        ): [
                            DefinitionId(
                                4v1,
                            ),
                        ],
                        (
                            Type,
                            Symbol(
                                1,
                            ),
                        ): [
                            DefinitionId(
                                2v1,
                            ),
                        ],
                    },
                    imports: [],
                    implements: [],
                },
            },
            Slot {
                version: 1,
                value: Scope {
                    module: None,
                    parent: Some(
                        ScopeId(
                            1v1,
                        ),
                    ),
                    kind: Module,
                    definitions: {},
                    imports: [],
                    implements: [],
                },
            },
            Slot {
                version: 1,
                value: Scope {
                    module: Some(
                        ModuleId(
                            1v1,
                        ),
                    ),
                    parent: None,
                    kind: Module,
                    definitions: {},
                    imports: [],
                    implements: [],
                },
            },
            Slot {
                version: 1,
                value: Scope {
                    module: Some(
                        ModuleId(
                            1v1,
                        ),
                    ),
                    parent: None,
                    kind: Module,
                    definitions: {},
                    imports: [],
                    implements: [],
                },
            },
            Slot {
                version: 1,
                value: Scope {
                    module: Some(
                        ModuleId(
                            1v1,
                        ),
                    ),
                    parent: None,
                    kind: Module,
                    definitions: {},
                    imports: [],
                    implements: [],
                },
            },
            Slot {
                version: 1,
                value: Scope {
                    module: Some(
                        ModuleId(
                            1v1,
                        ),
                    ),
                    parent: None,
                    kind: Module,
                    definitions: {},
                    imports: [],
                    implements: [],
                },
            },
            Slot {
                version: 1,
                value: Scope {
                    module: None,
                    parent: Some(
                        ScopeId(
                            3v1,
                        ),
                    ),
                    kind: Module,
                    definitions: {},
                    imports: [],
                    implements: [],
                },
            },
            Slot {
                version: 1,
                value: Scope {
                    module: None,
                    parent: Some(
                        ScopeId(
                            4v1,
                        ),
                    ),
                    kind: Module,
                    definitions: {
                        (
                            Value,
                            Symbol(
                                4,
                            ),
                        ): [
                            DefinitionId(
                                5v1,
                            ),
                        ],
                        (
                            Value,
                            Symbol(
                                5,
                            ),
                        ): [
                            DefinitionId(
                                6v1,
                            ),
                        ],
                        (
                            Value,
                            Symbol(
                                7,
                            ),
                        ): [
                            DefinitionId(
                                7v1,
                            ),
                        ],
                    },
                    imports: [],
                    implements: [],
                },
            },
            Slot {
                version: 1,
                value: Scope {
                    module: None,
                    parent: Some(
                        ScopeId(
                            5v1,
                        ),
                    ),
                    kind: Module,
                    definitions: {
                        (
                            Value,
                            Symbol(
                                4,
                            ),
                        ): [
                            DefinitionId(
                                8v1,
                            ),
                        ],
                        (
                            Value,
                            Symbol(
                                5,
                            ),
                        ): [
                            DefinitionId(
                                9v1,
                            ),
                        ],
                    },
                    imports: [],
                    implements: [],
                },
            },
            Slot {
                version: 1,
                value: Scope {
                    module: None,
                    parent: Some(
                        ScopeId(
                            9v1,
                        ),
                    ),
                    kind: Block,
                    definitions: {},
                    imports: [],
                    implements: [],
                },
            },
            Slot {
                version: 1,
                value: Scope {
                    module: None,
                    parent: Some(
                        ScopeId(
                            9v1,
                        ),
                    ),
                    kind: Block,
                    definitions: {},
                    imports: [],
                    implements: [],
                },
            },
            Slot {
                version: 1,
                value: Scope {
                    module: None,
                    parent: Some(
                        ScopeId(
                            6v1,
                        ),
                    ),
                    kind: Module,
                    definitions: {
                        (
                            Value,
                            Symbol(
                                13,
                            ),
                        ): [
                            DefinitionId(
                                10v1,
                            ),
                        ],
                        (
                            Value,
                            Symbol(
                                18,
                            ),
                        ): [
                            DefinitionId(
                                12v1,
                            ),
                        ],
                        (
                            Type,
                            Symbol(
                                19,
                            ),
                        ): [
                            DefinitionId(
                                13v1,
                            ),
                        ],
                        (
                            Value,
                            Symbol(
                                14,
                            ),
                        ): [
                            DefinitionId(
                                11v1,
                            ),
                        ],
                    },
                    imports: [],
                    implements: [],
                },
            },
            Slot {
                version: 1,
                value: Scope {
                    module: None,
                    parent: Some(
                        ScopeId(
                            12v1,
                        ),
                    ),
                    kind: Function,
                    definitions: {},
                    imports: [],
                    implements: [],
                },
            },
            Slot {
                version: 1,
                value: Scope {
                    module: None,
                    parent: Some(
                        ScopeId(
                            12v1,
                        ),
                    ),
                    kind: Block,
                    definitions: {},
                    imports: [],
                    implements: [],
                },
            },
        ],
        free_head: 15,
        num_elems: 14,
        _k: PhantomData<fn(danubec_symbol::ScopeId) -> danubec_symbol::ScopeId>,
    },
    attributes: SlotMap {
        slots: [
            Slot {
                version: 0,
                next_free: 0,
            },
        ],
        free_head: 1,
        num_elems: 0,
        _k: PhantomData<fn(danubec_symbol::AttributeId) -> danubec_symbol::AttributeId>,
    },
    definitions: SlotMap {
        slots: [
            Slot {
                version: 0,
                next_free: 0,
            },
            Slot {
                version: 1,
                value: Definition {
                    scope: ScopeId(
                        1v1,
                    ),
                    definition: Definition {
                        attributes: [],
                        visibility: Private,
                        name: Identifier {
                            symbol: Symbol(
                                0,
                            ),
                            span: SyntaxNodePtr {
                                kind: IDENTIFIER_NODE,
                                range: 4..11,
                            },
                        },
                        kind: Module {
                            kind: External,
                        },
                        span: SyntaxNodePtr {
                            kind: DEFINITION_NODE,
                            range: 0..13,
                        },
                    },
                    file: FileId(
                        1v1,
                    ),
                },
            },
            Slot {
                version: 1,
                value: Definition {
                    scope: ScopeId(
                        1v1,
                    ),
                    definition: Definition {
                        attributes: [],
                        visibility: Private,
                        name: Identifier {
                            symbol: Symbol(
                                1,
                            ),
                            span: SyntaxNodePtr {
                                kind: IDENTIFIER_NODE,
                                range: 17..24,
                            },
                        },
                        kind: Module {
                            kind: External,
                        },
                        span: SyntaxNodePtr {
                            kind: DEFINITION_NODE,
                            range: 13..26,
                        },
                    },
                    file: FileId(
                        1v1,
                    ),
                },
            },
            Slot {
                version: 1,
                value: Definition {
                    scope: ScopeId(
                        1v1,
                    ),
                    definition: Definition {
                        attributes: [],
                        visibility: Private,
                        name: Identifier {
                            symbol: Symbol(
                                2,
                            ),
                            span: SyntaxNodePtr {
                                kind: IDENTIFIER_NODE,
                                range: 30..35,
                            },
                        },
                        kind: Module {
                            kind: External,
                        },
                        span: SyntaxNodePtr {
                            kind: DEFINITION_NODE,
                            range: 26..37,
                        },
                    },
                    file: FileId(
                        1v1,
                    ),
                },
            },
            Slot {
                version: 1,
                value: Definition {
                    scope: ScopeId(
                        1v1,
                    ),
                    definition: Definition {
                        attributes: [],
                        visibility: Private,
                        name: Identifier {
                            symbol: Symbol(
                                3,
                            ),
                            span: SyntaxNodePtr {
                                kind: IDENTIFIER_NODE,
                                range: 41..50,
                            },
                        },
                        kind: Module {
                            kind: External,
                        },
                        span: SyntaxNodePtr {
                            kind: DEFINITION_NODE,
                            range: 37..53,
                        },
                    },
                    file: FileId(
                        1v1,
                    ),
                },
            },
            Slot {
                version: 1,
                value: Definition {
                    scope: ScopeId(
                        8v1,
                    ),
                    definition: Definition {
                        attributes: [],
                        visibility: Private,
                        name: Identifier {
                            symbol: Symbol(
                                4,
                            ),
                            span: SyntaxNodePtr {
                                kind: IDENTIFIER_NODE,
                                range: 7..10,
                            },
                        },
                        kind: Struct {
                            type_parameters: [],
                            type_bounds: [],
                            body: Unit,
                        },
                        span: SyntaxNodePtr {
                            kind: STRUCT_DEFINITION_NODE,
                            range: 0..13,
                        },
                    },
                    file: FileId(
                        3v1,
                    ),
                },
            },
            Slot {
                version: 1,
                value: Definition {
                    scope: ScopeId(
                        8v1,
                    ),
                    definition: Definition {
                        attributes: [],
                        visibility: Private,
                        name: Identifier {
                            symbol: Symbol(
                                5,
                            ),
                            span: SyntaxNodePtr {
                                kind: IDENTIFIER_NODE,
                                range: 20..23,
                            },
                        },
                        kind: Struct {
                            type_parameters: [],
                            type_bounds: [],
                            body: Unnamed(
                                [
                                    (
                                        Private,
                                        TypeExpression {
                                            mutable: false,
                                            kind: Path {
                                                path: Path {
                                                    segments: [
                                                        PathSegment {
                                                            kind: Identifier(
                                                                Identifier {
                                                                    symbol: Symbol(
                                                                        6,
                                                                    ),
                                                                    span: SyntaxNodePtr {
                                                                        kind: IDENTIFIER_NODE,
                                                                        range: 24..29,
                                                                    },
                                                                },
                                                            ),
                                                            binding: Unresolved,
                                                        },
                                                    ],
                                                    binding: Unresolved,
                                                },
                                            },
                                            span: SyntaxNodePtr {
                                                kind: PATH_TYPE_NODE,
                                                range: 24..29,
                                            },
                                        },
                                    ),
                                ],
                            ),
                        },
                        span: SyntaxNodePtr {
                            kind: STRUCT_DEFINITION_NODE,
                            range: 13..33,
                        },
                    },
                    file: FileId(
                        3v1,
                    ),
                },
            },
            Slot {
                version: 1,
                value: Definition {
                    scope: ScopeId(
                        8v1,
                    ),
                    definition: Definition {
                        attributes: [],
                        visibility: Private,
                        name: Identifier {
                            symbol: Symbol(
                                7,
                            ),
                            span: SyntaxNodePtr {
                                kind: IDENTIFIER_NODE,
                                range: 40..44,
                            },
                        },
                        kind: Struct {
                            type_parameters: [],
                            type_bounds: [],
                            body: Named(
                                [
                                    (
                                        Private,
                                        Identifier {
                                            symbol: Symbol(
                                                8,
                                            ),
                                            span: SyntaxNodePtr {
                                                kind: IDENTIFIER_NODE,
                                                range: 48..49,
                                            },
                                        },
                                        TypeExpression {
                                            mutable: false,
                                            kind: Path {
                                                path: Path {
                                                    segments: [
                                                        PathSegment {
                                                            kind: Identifier(
                                                                Identifier {
                                                                    symbol: Symbol(
                                                                        6,
                                                                    ),
                                                                    span: SyntaxNodePtr {
                                                                        kind: IDENTIFIER_NODE,
                                                                        range: 51..56,
                                                                    },
                                                                },
                                                            ),
                                                            binding: Unresolved,
                                                        },
                                                    ],
                                                    binding: Unresolved,
                                                },
                                            },
                                            span: SyntaxNodePtr {
                                                kind: PATH_TYPE_NODE,
                                                range: 51..56,
                                            },
                                        },
                                    ),
                                ],
                            ),
                        },
                        span: SyntaxNodePtr {
                            kind: STRUCT_DEFINITION_NODE,
                            range: 33..60,
                        },
                    },
                    file: FileId(
                        3v1,
                    ),
                },
            },
            Slot {
                version: 1,
                value: Definition {
                    scope: ScopeId(
                        9v1,
                    ),
                    definition: Definition {
                        attributes: [],
                        visibility: Private,
                        name: Identifier {
                            symbol: Symbol(
                                4,
                            ),
                            span: SyntaxNodePtr {
                                kind: IDENTIFIER_NODE,
                                range: 5..9,
                            },
                        },
                        kind: Enum {
                            type_parameters: [],
                            type_bounds: [],
                            variants: [],
                        },
                        span: SyntaxNodePtr {
                            kind: ENUM_DEFINITION_NODE,
                            range: 0..13,
                        },
                    },
                    file: FileId(
                        4v1,
                    ),
                },
            },
            Slot {
                version: 1,
                value: Definition {
                    scope: ScopeId(
                        9v1,
                    ),
                    definition: Definition {
                        attributes: [],
                        visibility: Private,
                        name: Identifier {
                            symbol: Symbol(
                                5,
                            ),
                            span: SyntaxNodePtr {
                                kind: IDENTIFIER_NODE,
                                range: 18..22,
                            },
                        },
                        kind: Enum {
                            type_parameters: [],
                            type_bounds: [],
                            variants: [
                                EnumVariant {
                                    attributes: [],
                                    name: Identifier {
                                        symbol: Symbol(
                                            9,
                                        ),
                                        span: SyntaxNodePtr {
                                            kind: IDENTIFIER_NODE,
                                            range: 26..27,
                                        },
                                    },
                                    kind: Unit,
                                    span: SyntaxNodePtr {
                                        kind: ENUM_VARIANT_UNIT_NODE,
                                        range: 26..27,
                                    },
                                },
                                EnumVariant {
                                    attributes: [],
                                    name: Identifier {
                                        symbol: Symbol(
                                            10,
                                        ),
                                        span: SyntaxNodePtr {
                                            kind: IDENTIFIER_NODE,
                                            range: 31..33,
                                        },
                                    },
                                    kind: Scalar(
                                        Expression {
                                            kind: Literal {
                                                value: Literal {
                                                    kind: Integer {
                                                        value: 1,
                                                    },
                                                    span: SyntaxNodePtr {
                                                        kind: INTEGER_LITERAL_NODE,
                                                        range: 35..36,
                                                    },
                                                },
                                            },
                                            span: SyntaxNodePtr {
                                                kind: LITERAL_EXPRESSION_NODE,
                                                range: 35..36,
                                            },
                                        },
                                    ),
                                    span: SyntaxNodePtr {
                                        kind: ENUM_VARIANT_SCALAR_NODE,
                                        range: 31..36,
                                    },
                                },
                                EnumVariant {
                                    attributes: [],
                                    name: Identifier {
                                        symbol: Symbol(
                                            11,
                                        ),
                                        span: SyntaxNodePtr {
                                            kind: IDENTIFIER_NODE,
                                            range: 40..41,
                                        },
                                    },
                                    kind: Unnamed(
                                        [],
                                    ),
                                    span: SyntaxNodePtr {
                                        kind: ENUM_VARIANT_UNNAMED_NODE,
                                        range: 40..46,
                                    },
                                },
                                EnumVariant {
                                    attributes: [],
                                    name: Identifier {
                                        symbol: Symbol(
                                            12,
                                        ),
                                        span: SyntaxNodePtr {
                                            kind: IDENTIFIER_NODE,
                                            range: 50..52,
                                        },
                                    },
                                    kind: Named(
                                        [
                                            (
                                                [],
                                                Identifier {
                                                    symbol: Symbol(
                                                        8,
                                                    ),
                                                    span: SyntaxNodePtr {
                                                        kind: IDENTIFIER_NODE,
                                                        range: 58..59,
                                                    },
                                                },
                                                TypeExpression {
                                                    mutable: false,
                                                    kind: Path {
                                                        path: Path {
                                                            segments: [
                                                                PathSegment {
                                                                    kind: Identifier(
                                                                        Identifier {
                                                                            symbol: Symbol(
                                                                                6,
                                                                            ),
                                                                            span: SyntaxNodePtr {
                                                                                kind: IDENTIFIER_NODE,
                                                                                range: 61..66,
                                                                            },
                                                                        },
                                                                    ),
                                                                    binding: Unresolved,
                                                                },
                                                            ],
                                                            binding: Unresolved,
                                                        },
                                                    },
                                                    span: SyntaxNodePtr {
                                                        kind: PATH_TYPE_NODE,
                                                        range: 61..66,
                                                    },
                                                },
                                            ),
                                        ],
                                    ),
                                    span: SyntaxNodePtr {
                                        kind: ENUM_VARIANT_NAMED_NODE,
                                        range: 50..71,
                                    },
                                },
                            ],
                        },
                        span: SyntaxNodePtr {
                            kind: ENUM_DEFINITION_NODE,
                            range: 13..75,
                        },
                    },
                    file: FileId(
                        4v1,
                    ),
                },
            },
            Slot {
                version: 1,
                value: Definition {
                    scope: ScopeId(
                        12v1,
                    ),
                    definition: Definition {
                        attributes: [],
                        visibility: Private,
                        name: Identifier {
                            symbol: Symbol(
                                13,
                            ),
                            span: SyntaxNodePtr {
                                kind: IDENTIFIER_NODE,
                                range: 3..6,
                            },
                        },
                        kind: Function {
                            type_parameters: [],
                            parameters: [],
                            return_type: None,
                            type_bounds: [],
                            body: None,
                        },
                        span: SyntaxNodePtr {
                            kind: FUNCTION_DEFINITION_NODE,
                            range: 0..11,
                        },
                    },
                    file: FileId(
                        5v1,
                    ),
                },
            },
            Slot {
                version: 1,
                value: Definition {
                    scope: ScopeId(
                        12v1,
                    ),
                    definition: Definition {
                        attributes: [],
                        visibility: Private,
                        name: Identifier {
                            symbol: Symbol(
                                14,
                            ),
                            span: SyntaxNodePtr {
                                kind: IDENTIFIER_NODE,
                                range: 14..17,
                            },
                        },
                        kind: Function {
                            type_parameters: [],
                            parameters: [
                                FunctionParameter {
                                    attributes: [],
                                    pattern: Pattern {
                                        mutable: false,
                                        kind: Path {
                                            path: Path {
                                                segments: [
                                                    PathSegment {
                                                        kind: Identifier(
                                                            Identifier {
                                                                symbol: Symbol(
                                                                    15,
                                                                ),
                                                                span: SyntaxNodePtr {
                                                                    kind: IDENTIFIER_NODE,
                                                                    range: 18..21,
                                                                },
                                                            },
                                                        ),
                                                        binding: Unresolved,
                                                    },
                                                ],
                                                binding: Unresolved,
                                            },
                                        },
                                        span: SyntaxNodePtr {
                                            kind: PATH_PATTERN_NODE,
                                            range: 18..21,
                                        },
                                    },
                                    type: TypeExpression {
                                        mutable: false,
                                        kind: Path {
                                            path: Path {
                                                segments: [
                                                    PathSegment {
                                                        kind: Identifier(
                                                            Identifier {
                                                                symbol: Symbol(
                                                                    6,
                                                                ),
                                                                span: SyntaxNodePtr {
                                                                    kind: IDENTIFIER_NODE,
                                                                    range: 23..28,
                                                                },
                                                            },
                                                        ),
                                                        binding: Unresolved,
                                                    },
                                                ],
                                                binding: Unresolved,
                                            },
                                        },
                                        span: SyntaxNodePtr {
                                            kind: PATH_TYPE_NODE,
                                            range: 23..28,
                                        },
                                    },
                                    span: SyntaxNodePtr {
                                        kind: FUNCTION_PARAMETER_NODE,
                                        range: 18..28,
                                    },
                                },
                                FunctionParameter {
                                    attributes: [],
                                    pattern: Pattern {
                                        mutable: false,
                                        kind: Path {
                                            path: Path {
                                                segments: [
                                                    PathSegment {
                                                        kind: Identifier(
                                                            Identifier {
                                                                symbol: Symbol(
                                                                    16,
                                                                ),
                                                                span: SyntaxNodePtr {
                                                                    kind: IDENTIFIER_NODE,
                                                                    range: 30..33,
                                                                },
                                                            },
                                                        ),
                                                        binding: Unresolved,
                                                    },
                                                ],
                                                binding: Unresolved,
                                            },
                                        },
                                        span: SyntaxNodePtr {
                                            kind: PATH_PATTERN_NODE,
                                            range: 30..33,
                                        },
                                    },
                                    type: TypeExpression {
                                        mutable: false,
                                        kind: Path {
                                            path: Path {
                                                segments: [
                                                    PathSegment {
                                                        kind: Identifier(
                                                            Identifier {
                                                                symbol: Symbol(
                                                                    6,
                                                                ),
                                                                span: SyntaxNodePtr {
                                                                    kind: IDENTIFIER_NODE,
                                                                    range: 35..40,
                                                                },
                                                            },
                                                        ),
                                                        binding: Unresolved,
                                                    },
                                                ],
                                                binding: Unresolved,
                                            },
                                        },
                                        span: SyntaxNodePtr {
                                            kind: PATH_TYPE_NODE,
                                            range: 35..40,
                                        },
                                    },
                                    span: SyntaxNodePtr {
                                        kind: FUNCTION_PARAMETER_NODE,
                                        range: 30..40,
                                    },
                                },
                            ],
                            return_type: Some(
                                TypeExpression {
                                    mutable: false,
                                    kind: Path {
                                        path: Path {
                                            segments: [
                                                PathSegment {
                                                    kind: Identifier(
                                                        Identifier {
                                                            symbol: Symbol(
                                                                6,
                                                            ),
                                                            span: SyntaxNodePtr {
                                                                kind: IDENTIFIER_NODE,
                                                                range: 45..51,
                                                            },
                                                        },
                                                    ),
                                                    binding: Unresolved,
                                                },
                                            ],
                                            binding: Unresolved,
                                        },
                                    },
                                    span: SyntaxNodePtr {
                                        kind: PATH_TYPE_NODE,
                                        range: 45..51,
                                    },
                                },
                            ),
                            type_bounds: [],
                            body: Some(
                                [
                                    Statement {
                                        kind: Let {
                                            pattern: Pattern {
                                                mutable: false,
                                                kind: Path {
                                                    path: Path {
                                                        segments: [
                                                            PathSegment {
                                                                kind: Identifier(
                                                                    Identifier {
                                                                        symbol: Symbol(
                                                                            17,
                                                                        ),
                                                                        span: SyntaxNodePtr {
                                                                            kind: IDENTIFIER_NODE,
                                                                            range: 61..64,
                                                                        },
                                                                    },
                                                                ),
                                                                binding: Unresolved,
                                                            },
                                                        ],
                                                        binding: Unresolved,
                                                    },
                                                },
                                                span: SyntaxNodePtr {
                                                    kind: PATH_PATTERN_NODE,
                                                    range: 61..64,
                                                },
                                            },
                                            type: Some(
                                                TypeExpression {
                                                    mutable: false,
                                                    kind: Path {
                                                        path: Path {
                                                            segments: [
                                                                PathSegment {
                                                                    kind: Identifier(
                                                                        Identifier {
                                                                            symbol: Symbol(
                                                                                6,
                                                                            ),
                                                                            span: SyntaxNodePtr {
                                                                                kind: IDENTIFIER_NODE,
                                                                                range: 66..72,
                                                                            },
                                                                        },
                                                                    ),
                                                                    binding: Unresolved,
                                                                },
                                                            ],
                                                            binding: Unresolved,
                                                        },
                                                    },
                                                    span: SyntaxNodePtr {
                                                        kind: PATH_TYPE_NODE,
                                                        range: 66..72,
                                                    },
                                                },
                                            ),
                                            initializer: Some(
                                                Expression {
                                                    kind: Path {
                                                        path: Path {
                                                            segments: [
                                                                PathSegment {
                                                                    kind: Identifier(
                                                                        Identifier {
                                                                            symbol: Symbol(
                                                                                15,
                                                                            ),
                                                                            span: SyntaxNodePtr {
                                                                                kind: IDENTIFIER_NODE,
                                                                                range: 74..77,
                                                                            },
                                                                        },
                                                                    ),
                                                                    binding: Unresolved,
                                                                },
                                                            ],
                                                            binding: Unresolved,
                                                        },
                                                    },
                                                    span: SyntaxNodePtr {
                                                        kind: PATH_EXPRESSION_NODE,
                                                        range: 74..77,
                                                    },
                                                },
                                            ),
                                        },
                                        span: SyntaxNodePtr {
                                            kind: LET_STATEMENT_NODE,
                                            range: 57..83,
                                        },
                                    },
                                    Statement {
                                        kind: Expression {
                                            value: Expression {
                                                kind: Path {
                                                    path: Path {
                                                        segments: [
                                                            PathSegment {
                                                                kind: Identifier(
                                                                    Identifier {
                                                                        symbol: Symbol(
                                                                            17,
                                                                        ),
                                                                        span: SyntaxNodePtr {
                                                                            kind: IDENTIFIER_NODE,
                                                                            range: 83..87,
                                                                        },
                                                                    },
                                                                ),
                                                                binding: Unresolved,
                                                            },
                                                        ],
                                                        binding: Unresolved,
                                                    },
                                                },
                                                span: SyntaxNodePtr {
                                                    kind: PATH_EXPRESSION_NODE,
                                                    range: 83..87,
                                                },
                                            },
                                        },
                                        span: SyntaxNodePtr {
                                            kind: EXPRESSION_STATEMENT_NODE,
                                            range: 83..87,
                                        },
                                    },
                                ],
                            ),
                        },
                        span: SyntaxNodePtr {
                            kind: FUNCTION_DEFINITION_NODE,
                            range: 11..90,
                        },
                    },
                    file: FileId(
                        5v1,
                    ),
                },
            },
            Slot {
                version: 1,
                value: Definition {
                    scope: ScopeId(
                        12v1,
                    ),
                    definition: Definition {
                        attributes: [],
                        visibility: Private,
                        name: Identifier {
                            symbol: Symbol(
                                18,
                            ),
                            span: SyntaxNodePtr {
                                kind: IDENTIFIER_NODE,
                                range: 97..104,
                            },
                        },
                        kind: Struct {
                            type_parameters: [],
                            type_bounds: [],
                            body: Unnamed(
                                [
                                    (
                                        Private,
                                        TypeExpression {
                                            mutable: false,
                                            kind: Path {
                                                path: Path {
                                                    segments: [
                                                        PathSegment {
                                                            kind: Identifier(
                                                                Identifier {
                                                                    symbol: Symbol(
                                                                        6,
                                                                    ),
                                                                    span: SyntaxNodePtr {
                                                                        kind: IDENTIFIER_NODE,
                                                                        range: 105..110,
                                                                    },
                                                                },
                                                            ),
                                                            binding: Unresolved,
                                                        },
                                                    ],
                                                    binding: Unresolved,
                                                },
                                            },
                                            span: SyntaxNodePtr {
                                                kind: PATH_TYPE_NODE,
                                                range: 105..110,
                                            },
                                        },
                                    ),
                                ],
                            ),
                        },
                        span: SyntaxNodePtr {
                            kind: STRUCT_DEFINITION_NODE,
                            range: 90..114,
                        },
                    },
                    file: FileId(
                        5v1,
                    ),
                },
            },
            Slot {
                version: 1,
                value: Definition {
                    scope: ScopeId(
                        12v1,
                    ),
                    definition: Definition {
                        attributes: [],
                        visibility: Private,
                        name: Identifier {
                            symbol: Symbol(
                                19,
                            ),
                            span: SyntaxNodePtr {
                                kind: IDENTIFIER_NODE,
                                range: 119..125,
                            },
                        },
                        kind: Type {
                            type_parameters: [],
                            type_bounds: [],
                            initializer: None,
                        },
                        span: SyntaxNodePtr {
                            kind: TYPE_DEFINITION_NODE,
                            range: 114..137,
                        },
                    },
                    file: FileId(
                        5v1,
                    ),
                },
            },
        ],
        free_head: 14,
        num_elems: 13,
        _k: PhantomData<fn(danubec_symbol::DefinitionId) -> danubec_symbol::DefinitionId>,
    },
    implements: SlotMap {
        slots: [
            Slot {
                version: 0,
                next_free: 0,
            },
        ],
        free_head: 1,
        num_elems: 0,
        _k: PhantomData<fn(danubec_symbol::ImplementId) -> danubec_symbol::ImplementId>,
    },
}
