---
source: compiler/danubec_parse/src/tests/mod.rs
expression: node
---
Some(
    Krate {
        attributes: [],
        definitions: [
            Definition {
                attributes: [],
                visibility: Private,
                kind: Static {
                    name: Identifier {
                        name: "FOO",
                    },
                    type: Path {
                        path: Path {
                            segments: [
                                PathSegment {
                                    kind: Identifier(
                                        Identifier {
                                            name: "i32",
                                        },
                                    ),
                                },
                            ],
                        },
                    },
                    initializer: Expression {
                        kind: Literal {
                            value: Integer {
                                value: 42,
                            },
                        },
                    },
                },
            },
            Definition {
                attributes: [],
                visibility: Private,
                kind: Static {
                    name: Identifier {
                        name: "BAR",
                    },
                    type: Path {
                        path: Path {
                            segments: [
                                PathSegment {
                                    kind: Identifier(
                                        Identifier {
                                            name: "str",
                                        },
                                    ),
                                },
                            ],
                        },
                    },
                    initializer: Expression {
                        kind: Literal {
                            value: String {
                                segments: [
                                    Text {
                                        value: "Hello, world!",
                                    },
                                ],
                            },
                        },
                    },
                },
            },
        ],
        children: {},
    },
)
