---
source: compiler/danubec_parse/src/tests/mod.rs
expression: node
---
Some(
    Krate {
        attributes: [],
        definitions: [
            Definition {
                attributes: [],
                visibility: Private,
                kind: Function {
                    name: Identifier {
                        name: "foo",
                    },
                    type_parameters: [],
                    parameters: [],
                    return_type: None,
                    type_bounds: [],
                    body: Some(
                        [
                            Expression {
                                value: Expression {
                                    kind: Unary {
                                        operator: Negate,
                                        operand: Expression {
                                            kind: Literal {
                                                value: Integer {
                                                    value: 42,
                                                },
                                            },
                                        },
                                    },
                                },
                            },
                            Expression {
                                value: Expression {
                                    kind: Unary {
                                        operator: Not,
                                        operand: Expression {
                                            kind: Literal {
                                                value: Boolean {
                                                    value: true,
                                                },
                                            },
                                        },
                                    },
                                },
                            },
                            Expression {
                                value: Expression {
                                    kind: Unary {
                                        operator: BitwiseNot,
                                        operand: Expression {
                                            kind: Literal {
                                                value: Integer {
                                                    value: 0,
                                                },
                                            },
                                        },
                                    },
                                },
                            },
                        ],
                    ),
                },
            },
        ],
        children: {},
    },
)
