---
source: compiler/danubec_parse/src/tests/mod.rs
expression: node
---
Some(
    Krate {
        attributes: [],
        definitions: [
            Definition {
                attributes: [],
                visibility: Private,
                kind: Struct {
                    name: Identifier {
                        name: Ident {
                            hash: Hash64(
                                461893210254723387,
                            ),
                            raw: "Foo",
                        },
                        span: SyntaxNodePtr {
                            kind: IDENTIFIER_NODE,
                            range: 8..11,
                        },
                    },
                    type_parameters: [],
                    type_bounds: [],
                    body: Unit,
                },
                span: SyntaxNodePtr {
                    kind: DEFINITION_NODE,
                    range: 1..12,
                },
            },
        ],
        children: {},
    },
)
