---
source: compiler/danubec_parse/src/tests/mod.rs
expression: node
---
Some(
    Krate {
        attributes: [],
        definitions: [
            Definition {
                attributes: [],
                visibility: Private,
                kind: Module {
                    name: Identifier {
                        name: "foo",
                    },
                    kind: External,
                },
            },
            Definition {
                attributes: [],
                visibility: Private,
                kind: Module {
                    name: Identifier {
                        name: "bar",
                    },
                    kind: Inline {
                        definitions: [
                            Definition {
                                attributes: [],
                                visibility: Private,
                                kind: Struct {
                                    name: Identifier {
                                        name: "Foo",
                                    },
                                    type_parameters: [],
                                    type_bounds: [],
                                    body: Unit,
                                },
                            },
                            Definition {
                                attributes: [],
                                visibility: Private,
                                kind: Enum {
                                    name: Identifier {
                                        name: "Bar",
                                    },
                                    type_parameters: [],
                                    type_bounds: [],
                                    variants: [],
                                },
                            },
                        ],
                    },
                },
            },
        ],
        children: {},
    },
)
