---
source: compiler/danubec_parse/src/tests/mod.rs
expression: node
---
KRATE_NODE@0..90
  NEW_LINE@0..1 "\n"
  TOP_LEVEL_ATTRIBUTE_NODE@1..16
    HASH@1..2 "#"
    EXCLAMATION@2..3 "!"
    LEFT_BRACKET@3..4 "["
    NESTED_ATTRIBUTE_ARGUMENT_NODE@4..14
      PATH_NODE@4..5
        PATH_SEGMENT_IDENTIFIER_NODE@4..5
          IDENTIFIER_NODE@4..5
            IDENTIFIER_SEGMENT@4..5
              IDENTIFIER@4..5 "a"
      LEFT_PAREN@5..6 "("
      ATTRIBUTE_ARGUMENT_NODE@6..13
        LITERAL_EXPRESSION_NODE@6..13
          STRING_LITERAL_NODE@6..13
            STRING_START@6..7 "\""
            STRING_LITERAL_TEXT_NODE@7..12
              STRING_SEGMENT@7..12 "value"
            STRING_END@12..13 "\""
      RIGHT_PAREN@13..14 ")"
    RIGHT_BRACKET@14..15 "]"
    NEW_LINE@15..16 "\n"
  TOP_LEVEL_ATTRIBUTE_NODE@16..27
    HASH@16..17 "#"
    EXCLAMATION@17..18 "!"
    LEFT_BRACKET@18..19 "["
    NESTED_ATTRIBUTE_ARGUMENT_NODE@19..25
      PATH_NODE@19..20
        PATH_SEGMENT_IDENTIFIER_NODE@19..20
          IDENTIFIER_NODE@19..20
            IDENTIFIER_SEGMENT@19..20
              IDENTIFIER@19..20 "a"
      LEFT_PAREN@20..21 "("
      KEY_VALUE_ATTRIBUTE_ARGUMENT_NODE@21..24
        PATH_NODE@21..24
          PATH_SEGMENT_IDENTIFIER_NODE@21..24
            IDENTIFIER_NODE@21..24
              IDENTIFIER_SEGMENT@21..24
                IDENTIFIER@21..24 "key"
      RIGHT_PAREN@24..25 ")"
    RIGHT_BRACKET@25..26 "]"
    NEW_LINE@26..27 "\n"
  TOP_LEVEL_ATTRIBUTE_NODE@27..45
    HASH@27..28 "#"
    EXCLAMATION@28..29 "!"
    LEFT_BRACKET@29..30 "["
    NESTED_ATTRIBUTE_ARGUMENT_NODE@30..43
      PATH_NODE@30..31
        PATH_SEGMENT_IDENTIFIER_NODE@30..31
          IDENTIFIER_NODE@30..31
            IDENTIFIER_SEGMENT@30..31
              IDENTIFIER@30..31 "a"
      LEFT_PAREN@31..32 "("
      KEY_VALUE_ATTRIBUTE_ARGUMENT_NODE@32..36
        PATH_NODE@32..36
          PATH_SEGMENT_IDENTIFIER_NODE@32..36
            IDENTIFIER_NODE@32..36
              IDENTIFIER_SEGMENT@32..36
                IDENTIFIER@32..36 "key1"
      COMMA@36..37 ","
      WHITESPACE@37..38 " "
      KEY_VALUE_ATTRIBUTE_ARGUMENT_NODE@38..42
        PATH_NODE@38..42
          PATH_SEGMENT_IDENTIFIER_NODE@38..42
            IDENTIFIER_NODE@38..42
              IDENTIFIER_SEGMENT@38..42
                IDENTIFIER@38..42 "key2"
      RIGHT_PAREN@42..43 ")"
    RIGHT_BRACKET@43..44 "]"
    NEW_LINE@44..45 "\n"
  TOP_LEVEL_ATTRIBUTE_NODE@45..66
    HASH@45..46 "#"
    EXCLAMATION@46..47 "!"
    LEFT_BRACKET@47..48 "["
    NESTED_ATTRIBUTE_ARGUMENT_NODE@48..64
      PATH_NODE@48..49
        PATH_SEGMENT_IDENTIFIER_NODE@48..49
          IDENTIFIER_NODE@48..49
            IDENTIFIER_SEGMENT@48..49
              IDENTIFIER@48..49 "a"
      LEFT_PAREN@49..50 "("
      KEY_VALUE_ATTRIBUTE_ARGUMENT_NODE@50..63
        PATH_NODE@50..54
          PATH_SEGMENT_IDENTIFIER_NODE@50..54
            IDENTIFIER_NODE@50..54
              IDENTIFIER_SEGMENT@50..54
                IDENTIFIER@50..53 "key"
                WHITESPACE@53..54 " "
        EQUAL@54..55 "="
        WHITESPACE@55..56 " "
        LITERAL_EXPRESSION_NODE@56..63
          STRING_LITERAL_NODE@56..63
            STRING_START@56..57 "\""
            STRING_LITERAL_TEXT_NODE@57..62
              STRING_SEGMENT@57..62 "value"
            STRING_END@62..63 "\""
      RIGHT_PAREN@63..64 ")"
    RIGHT_BRACKET@64..65 "]"
    NEW_LINE@65..66 "\n"
  TOP_LEVEL_ATTRIBUTE_NODE@66..90
    HASH@66..67 "#"
    EXCLAMATION@67..68 "!"
    LEFT_BRACKET@68..69 "["
    NESTED_ATTRIBUTE_ARGUMENT_NODE@69..88
      PATH_NODE@69..73
        PATH_SEGMENT_IDENTIFIER_NODE@69..70
          IDENTIFIER_NODE@69..70
            IDENTIFIER_SEGMENT@69..70
              IDENTIFIER@69..70 "a"
        COLON@70..71 ":"
        COLON@71..72 ":"
        PATH_SEGMENT_IDENTIFIER_NODE@72..73
          IDENTIFIER_NODE@72..73
            IDENTIFIER_SEGMENT@72..73
              IDENTIFIER@72..73 "b"
      LEFT_PAREN@73..74 "("
      KEY_VALUE_ATTRIBUTE_ARGUMENT_NODE@74..87
        PATH_NODE@74..78
          PATH_SEGMENT_IDENTIFIER_NODE@74..78
            IDENTIFIER_NODE@74..78
              IDENTIFIER_SEGMENT@74..78
                IDENTIFIER@74..77 "key"
                WHITESPACE@77..78 " "
        EQUAL@78..79 "="
        WHITESPACE@79..80 " "
        LITERAL_EXPRESSION_NODE@80..87
          STRING_LITERAL_NODE@80..87
            STRING_START@80..81 "\""
            STRING_LITERAL_TEXT_NODE@81..86
              STRING_SEGMENT@81..86 "value"
            STRING_END@86..87 "\""
      RIGHT_PAREN@87..88 ")"
    RIGHT_BRACKET@88..89 "]"
    NEW_LINE@89..90 "\n"
