---
source: compiler/danubec_parse/src/tests/mod.rs
expression: node
---
Some(
    Krate {
        attributes: [],
        definitions: [
            Definition {
                attributes: [],
                visibility: Private,
                kind: Use {
                    tree: UseTree {
                        root: false,
                        kind: Nested {
                            trees: [],
                        },
                    },
                },
            },
            Definition {
                attributes: [],
                visibility: Private,
                kind: Use {
                    tree: UseTree {
                        root: false,
                        kind: Nested {
                            trees: [
                                UseTree {
                                    root: false,
                                    kind: Nested {
                                        trees: [],
                                    },
                                },
                                UseTree {
                                    root: false,
                                    kind: Glob,
                                },
                                UseTree {
                                    root: false,
                                    kind: Element {
                                        path: Path {
                                            segments: [
                                                PathSegment {
                                                    kind: Identifier(
                                                        Identifier {
                                                            name: "foo",
                                                        },
                                                    ),
                                                },
                                            ],
                                        },
                                        trailing: Identifier,
                                    },
                                },
                                UseTree {
                                    root: false,
                                    kind: Element {
                                        path: Path {
                                            segments: [
                                                PathSegment {
                                                    kind: Identifier(
                                                        Identifier {
                                                            name: "bar",
                                                        },
                                                    ),
                                                },
                                            ],
                                        },
                                        trailing: Rename {
                                            name: Identifier {
                                                name: "baz",
                                            },
                                        },
                                    },
                                },
                                UseTree {
                                    root: true,
                                    kind: Nested {
                                        trees: [],
                                    },
                                },
                                UseTree {
                                    root: true,
                                    kind: Glob,
                                },
                                UseTree {
                                    root: true,
                                    kind: Element {
                                        path: Path {
                                            segments: [
                                                PathSegment {
                                                    kind: Identifier(
                                                        Identifier {
                                                            name: "foo",
                                                        },
                                                    ),
                                                },
                                            ],
                                        },
                                        trailing: Identifier,
                                    },
                                },
                                UseTree {
                                    root: true,
                                    kind: Element {
                                        path: Path {
                                            segments: [
                                                PathSegment {
                                                    kind: Identifier(
                                                        Identifier {
                                                            name: "bar",
                                                        },
                                                    ),
                                                },
                                            ],
                                        },
                                        trailing: Rename {
                                            name: Identifier {
                                                name: "baz",
                                            },
                                        },
                                    },
                                },
                            ],
                        },
                    },
                },
            },
            Definition {
                attributes: [],
                visibility: Private,
                kind: Use {
                    tree: UseTree {
                        root: false,
                        kind: Glob,
                    },
                },
            },
            Definition {
                attributes: [],
                visibility: Private,
                kind: Use {
                    tree: UseTree {
                        root: false,
                        kind: Element {
                            path: Path {
                                segments: [
                                    PathSegment {
                                        kind: Identifier(
                                            Identifier {
                                                name: "foo",
                                            },
                                        ),
                                    },
                                ],
                            },
                            trailing: Identifier,
                        },
                    },
                },
            },
            Definition {
                attributes: [],
                visibility: Private,
                kind: Use {
                    tree: UseTree {
                        root: false,
                        kind: Element {
                            path: Path {
                                segments: [
                                    PathSegment {
                                        kind: Identifier(
                                            Identifier {
                                                name: "foo",
                                            },
                                        ),
                                    },
                                ],
                            },
                            trailing: Rename {
                                name: Identifier {
                                    name: "bar",
                                },
                            },
                        },
                    },
                },
            },
            Definition {
                attributes: [],
                visibility: Private,
                kind: Use {
                    tree: UseTree {
                        root: false,
                        kind: Element {
                            path: Path {
                                segments: [
                                    PathSegment {
                                        kind: Identifier(
                                            Identifier {
                                                name: "foo",
                                            },
                                        ),
                                    },
                                ],
                            },
                            trailing: Nested {
                                trees: [],
                            },
                        },
                    },
                },
            },
            Definition {
                attributes: [],
                visibility: Private,
                kind: Use {
                    tree: UseTree {
                        root: false,
                        kind: Element {
                            path: Path {
                                segments: [
                                    PathSegment {
                                        kind: Identifier(
                                            Identifier {
                                                name: "foo",
                                            },
                                        ),
                                    },
                                ],
                            },
                            trailing: Nested {
                                trees: [
                                    UseTree {
                                        root: false,
                                        kind: Glob,
                                    },
                                    UseTree {
                                        root: false,
                                        kind: Element {
                                            path: Path {
                                                segments: [
                                                    PathSegment {
                                                        kind: Identifier(
                                                            Identifier {
                                                                name: "foo",
                                                            },
                                                        ),
                                                    },
                                                ],
                                            },
                                            trailing: Identifier,
                                        },
                                    },
                                    UseTree {
                                        root: false,
                                        kind: Element {
                                            path: Path {
                                                segments: [
                                                    PathSegment {
                                                        kind: Identifier(
                                                            Identifier {
                                                                name: "bar",
                                                            },
                                                        ),
                                                    },
                                                ],
                                            },
                                            trailing: Rename {
                                                name: Identifier {
                                                    name: "baz",
                                                },
                                            },
                                        },
                                    },
                                    UseTree {
                                        root: false,
                                        kind: Nested {
                                            trees: [],
                                        },
                                    },
                                    UseTree {
                                        root: true,
                                        kind: Glob,
                                    },
                                    UseTree {
                                        root: true,
                                        kind: Element {
                                            path: Path {
                                                segments: [
                                                    PathSegment {
                                                        kind: Identifier(
                                                            Identifier {
                                                                name: "foo",
                                                            },
                                                        ),
                                                    },
                                                ],
                                            },
                                            trailing: Identifier,
                                        },
                                    },
                                    UseTree {
                                        root: true,
                                        kind: Element {
                                            path: Path {
                                                segments: [
                                                    PathSegment {
                                                        kind: Identifier(
                                                            Identifier {
                                                                name: "bar",
                                                            },
                                                        ),
                                                    },
                                                ],
                                            },
                                            trailing: Rename {
                                                name: Identifier {
                                                    name: "baz",
                                                },
                                            },
                                        },
                                    },
                                    UseTree {
                                        root: true,
                                        kind: Nested {
                                            trees: [],
                                        },
                                    },
                                ],
                            },
                        },
                    },
                },
            },
            Definition {
                attributes: [],
                visibility: Private,
                kind: Use {
                    tree: UseTree {
                        root: true,
                        kind: Nested {
                            trees: [],
                        },
                    },
                },
            },
            Definition {
                attributes: [],
                visibility: Private,
                kind: Use {
                    tree: UseTree {
                        root: true,
                        kind: Nested {
                            trees: [
                                UseTree {
                                    root: false,
                                    kind: Nested {
                                        trees: [],
                                    },
                                },
                                UseTree {
                                    root: false,
                                    kind: Glob,
                                },
                                UseTree {
                                    root: false,
                                    kind: Element {
                                        path: Path {
                                            segments: [
                                                PathSegment {
                                                    kind: Identifier(
                                                        Identifier {
                                                            name: "foo",
                                                        },
                                                    ),
                                                },
                                            ],
                                        },
                                        trailing: Identifier,
                                    },
                                },
                                UseTree {
                                    root: false,
                                    kind: Element {
                                        path: Path {
                                            segments: [
                                                PathSegment {
                                                    kind: Identifier(
                                                        Identifier {
                                                            name: "bar",
                                                        },
                                                    ),
                                                },
                                            ],
                                        },
                                        trailing: Rename {
                                            name: Identifier {
                                                name: "baz",
                                            },
                                        },
                                    },
                                },
                                UseTree {
                                    root: true,
                                    kind: Nested {
                                        trees: [],
                                    },
                                },
                                UseTree {
                                    root: true,
                                    kind: Glob,
                                },
                                UseTree {
                                    root: true,
                                    kind: Element {
                                        path: Path {
                                            segments: [
                                                PathSegment {
                                                    kind: Identifier(
                                                        Identifier {
                                                            name: "foo",
                                                        },
                                                    ),
                                                },
                                            ],
                                        },
                                        trailing: Identifier,
                                    },
                                },
                                UseTree {
                                    root: true,
                                    kind: Element {
                                        path: Path {
                                            segments: [
                                                PathSegment {
                                                    kind: Identifier(
                                                        Identifier {
                                                            name: "bar",
                                                        },
                                                    ),
                                                },
                                            ],
                                        },
                                        trailing: Rename {
                                            name: Identifier {
                                                name: "baz",
                                            },
                                        },
                                    },
                                },
                            ],
                        },
                    },
                },
            },
            Definition {
                attributes: [],
                visibility: Private,
                kind: Use {
                    tree: UseTree {
                        root: true,
                        kind: Glob,
                    },
                },
            },
            Definition {
                attributes: [],
                visibility: Private,
                kind: Use {
                    tree: UseTree {
                        root: true,
                        kind: Element {
                            path: Path {
                                segments: [
                                    PathSegment {
                                        kind: Identifier(
                                            Identifier {
                                                name: "foo",
                                            },
                                        ),
                                    },
                                ],
                            },
                            trailing: Identifier,
                        },
                    },
                },
            },
            Definition {
                attributes: [],
                visibility: Private,
                kind: Use {
                    tree: UseTree {
                        root: true,
                        kind: Element {
                            path: Path {
                                segments: [
                                    PathSegment {
                                        kind: Identifier(
                                            Identifier {
                                                name: "foo",
                                            },
                                        ),
                                    },
                                ],
                            },
                            trailing: Rename {
                                name: Identifier {
                                    name: "bar",
                                },
                            },
                        },
                    },
                },
            },
            Definition {
                attributes: [],
                visibility: Private,
                kind: Use {
                    tree: UseTree {
                        root: true,
                        kind: Element {
                            path: Path {
                                segments: [
                                    PathSegment {
                                        kind: Identifier(
                                            Identifier {
                                                name: "foo",
                                            },
                                        ),
                                    },
                                ],
                            },
                            trailing: Nested {
                                trees: [],
                            },
                        },
                    },
                },
            },
            Definition {
                attributes: [],
                visibility: Private,
                kind: Use {
                    tree: UseTree {
                        root: true,
                        kind: Element {
                            path: Path {
                                segments: [
                                    PathSegment {
                                        kind: Identifier(
                                            Identifier {
                                                name: "foo",
                                            },
                                        ),
                                    },
                                ],
                            },
                            trailing: Nested {
                                trees: [
                                    UseTree {
                                        root: false,
                                        kind: Glob,
                                    },
                                    UseTree {
                                        root: false,
                                        kind: Element {
                                            path: Path {
                                                segments: [
                                                    PathSegment {
                                                        kind: Identifier(
                                                            Identifier {
                                                                name: "foo",
                                                            },
                                                        ),
                                                    },
                                                ],
                                            },
                                            trailing: Identifier,
                                        },
                                    },
                                    UseTree {
                                        root: false,
                                        kind: Element {
                                            path: Path {
                                                segments: [
                                                    PathSegment {
                                                        kind: Identifier(
                                                            Identifier {
                                                                name: "bar",
                                                            },
                                                        ),
                                                    },
                                                ],
                                            },
                                            trailing: Rename {
                                                name: Identifier {
                                                    name: "baz",
                                                },
                                            },
                                        },
                                    },
                                    UseTree {
                                        root: false,
                                        kind: Nested {
                                            trees: [],
                                        },
                                    },
                                    UseTree {
                                        root: true,
                                        kind: Glob,
                                    },
                                    UseTree {
                                        root: true,
                                        kind: Element {
                                            path: Path {
                                                segments: [
                                                    PathSegment {
                                                        kind: Identifier(
                                                            Identifier {
                                                                name: "foo",
                                                            },
                                                        ),
                                                    },
                                                ],
                                            },
                                            trailing: Identifier,
                                        },
                                    },
                                    UseTree {
                                        root: true,
                                        kind: Element {
                                            path: Path {
                                                segments: [
                                                    PathSegment {
                                                        kind: Identifier(
                                                            Identifier {
                                                                name: "bar",
                                                            },
                                                        ),
                                                    },
                                                ],
                                            },
                                            trailing: Rename {
                                                name: Identifier {
                                                    name: "baz",
                                                },
                                            },
                                        },
                                    },
                                    UseTree {
                                        root: true,
                                        kind: Nested {
                                            trees: [],
                                        },
                                    },
                                ],
                            },
                        },
                    },
                },
            },
        ],
        children: {},
    },
)
