---
source: compiler/danubec_parse/src/tests/mod.rs
expression: node
---
Some(
    Krate {
        attributes: [],
        definitions: [
            Definition {
                attributes: [],
                visibility: Private,
                kind: Function {
                    name: Identifier {
                        name: "foo",
                    },
                    type_parameters: [],
                    parameters: [],
                    return_type: None,
                    type_bounds: [],
                    body: Some(
                        [
                            Expression {
                                value: Expression {
                                    kind: Break,
                                },
                            },
                            Expression {
                                value: Expression {
                                    kind: Continue,
                                },
                            },
                            Expression {
                                value: Expression {
                                    kind: Return {
                                        value: None,
                                    },
                                },
                            },
                            Expression {
                                value: Expression {
                                    kind: For {
                                        pattern: Path {
                                            path: Path {
                                                segments: [
                                                    PathSegment {
                                                        kind: Identifier(
                                                            Identifier {
                                                                name: "i",
                                                            },
                                                        ),
                                                    },
                                                ],
                                            },
                                        },
                                        iterable: Expression {
                                            kind: Path {
                                                path: Path {
                                                    segments: [
                                                        PathSegment {
                                                            kind: Identifier(
                                                                Identifier {
                                                                    name: "expr",
                                                                },
                                                            ),
                                                        },
                                                    ],
                                                },
                                            },
                                        },
                                        body: [],
                                    },
                                },
                            },
                            Expression {
                                value: Expression {
                                    kind: While {
                                        condition: Expression {
                                            kind: Literal {
                                                value: Boolean {
                                                    value: true,
                                                },
                                            },
                                        },
                                        body: [],
                                    },
                                },
                            },
                            Expression {
                                value: Expression {
                                    kind: Loop {
                                        body: [],
                                    },
                                },
                            },
                            Expression {
                                value: Expression {
                                    kind: If {
                                        condition: Expression {
                                            kind: Literal {
                                                value: Boolean {
                                                    value: true,
                                                },
                                            },
                                        },
                                        then_branch: [],
                                        else_branch: Some(
                                            Expression {
                                                kind: Literal {
                                                    value: Boolean {
                                                        value: true,
                                                    },
                                                },
                                            },
                                        ),
                                    },
                                },
                            },
                            Expression {
                                value: Expression {
                                    kind: If {
                                        condition: Expression {
                                            kind: Literal {
                                                value: Boolean {
                                                    value: true,
                                                },
                                            },
                                        },
                                        then_branch: [],
                                        else_branch: Some(
                                            Expression {
                                                kind: Literal {
                                                    value: Boolean {
                                                        value: true,
                                                    },
                                                },
                                            },
                                        ),
                                    },
                                },
                            },
                            Expression {
                                value: Expression {
                                    kind: Match {
                                        expression: Expression {
                                            kind: Literal {
                                                value: Integer {
                                                    value: 42,
                                                },
                                            },
                                        },
                                        arms: [
                                            (
                                                Literal {
                                                    value: Integer {
                                                        value: 0,
                                                    },
                                                },
                                                Expression {
                                                    kind: Block {
                                                        attributes: [],
                                                        statements: [],
                                                    },
                                                },
                                            ),
                                            (
                                                Or {
                                                    patterns: [
                                                        Literal {
                                                            value: Integer {
                                                                value: 1,
                                                            },
                                                        },
                                                        Literal {
                                                            value: Integer {
                                                                value: 2,
                                                            },
                                                        },
                                                    ],
                                                },
                                                Expression {
                                                    kind: Block {
                                                        attributes: [],
                                                        statements: [],
                                                    },
                                                },
                                            ),
                                            (
                                                At {
                                                    name: Identifier {
                                                        name: "foo",
                                                    },
                                                    pattern: Literal {
                                                        value: Integer {
                                                            value: 3,
                                                        },
                                                    },
                                                },
                                                Expression {
                                                    kind: Block {
                                                        attributes: [],
                                                        statements: [],
                                                    },
                                                },
                                            ),
                                            (
                                                Placeholder,
                                                Expression {
                                                    kind: Block {
                                                        attributes: [],
                                                        statements: [],
                                                    },
                                                },
                                            ),
                                        ],
                                    },
                                },
                            },
                            Let {
                                pattern: Path {
                                    path: Path {
                                        segments: [
                                            PathSegment {
                                                kind: Identifier(
                                                    Identifier {
                                                        name: "x",
                                                    },
                                                ),
                                            },
                                        ],
                                    },
                                },
                                type: None,
                                initializer: None,
                            },
                            Let {
                                pattern: Path {
                                    path: Path {
                                        segments: [
                                            PathSegment {
                                                kind: Identifier(
                                                    Identifier {
                                                        name: "x",
                                                    },
                                                ),
                                            },
                                        ],
                                    },
                                },
                                type: Some(
                                    Path {
                                        path: Path {
                                            segments: [
                                                PathSegment {
                                                    kind: Identifier(
                                                        Identifier {
                                                            name: "i32",
                                                        },
                                                    ),
                                                },
                                            ],
                                        },
                                    },
                                ),
                                initializer: None,
                            },
                            Let {
                                pattern: Path {
                                    path: Path {
                                        segments: [
                                            PathSegment {
                                                kind: Identifier(
                                                    Identifier {
                                                        name: "x",
                                                    },
                                                ),
                                            },
                                        ],
                                    },
                                },
                                type: None,
                                initializer: Some(
                                    Expression {
                                        kind: Literal {
                                            value: Integer {
                                                value: 42,
                                            },
                                        },
                                    },
                                ),
                            },
                            Let {
                                pattern: Path {
                                    path: Path {
                                        segments: [
                                            PathSegment {
                                                kind: Identifier(
                                                    Identifier {
                                                        name: "x",
                                                    },
                                                ),
                                            },
                                        ],
                                    },
                                },
                                type: Some(
                                    Path {
                                        path: Path {
                                            segments: [
                                                PathSegment {
                                                    kind: Identifier(
                                                        Identifier {
                                                            name: "i32",
                                                        },
                                                    ),
                                                },
                                            ],
                                        },
                                    },
                                ),
                                initializer: Some(
                                    Expression {
                                        kind: Literal {
                                            value: Integer {
                                                value: 42,
                                            },
                                        },
                                    },
                                ),
                            },
                            Expression {
                                value: Expression {
                                    kind: Array {
                                        elements: [
                                            Expression {
                                                kind: Literal {
                                                    value: Integer {
                                                        value: 0,
                                                    },
                                                },
                                            },
                                            Expression {
                                                kind: Literal {
                                                    value: Integer {
                                                        value: 1,
                                                    },
                                                },
                                            },
                                            Expression {
                                                kind: Literal {
                                                    value: Integer {
                                                        value: 2,
                                                    },
                                                },
                                            },
                                        ],
                                    },
                                },
                            },
                            Expression {
                                value: Expression {
                                    kind: Tuple {
                                        elements: [
                                            Expression {
                                                kind: Literal {
                                                    value: Integer {
                                                        value: 42,
                                                    },
                                                },
                                            },
                                            Expression {
                                                kind: Literal {
                                                    value: String {
                                                        segments: [
                                                            Text {
                                                                value: "hello",
                                                            },
                                                        ],
                                                    },
                                                },
                                            },
                                            Expression {
                                                kind: Literal {
                                                    value: Boolean {
                                                        value: true,
                                                    },
                                                },
                                            },
                                        ],
                                    },
                                },
                            },
                            Expression {
                                value: Expression {
                                    kind: Block {
                                        attributes: [],
                                        statements: [
                                            Expression {
                                                value: Expression {
                                                    kind: Literal {
                                                        value: Integer {
                                                            value: 42,
                                                        },
                                                    },
                                                },
                                            },
                                        ],
                                    },
                                },
                            },
                            Expression {
                                value: Expression {
                                    kind: FunctionCall {
                                        callee: Expression {
                                            kind: Path {
                                                path: Path {
                                                    segments: [
                                                        PathSegment {
                                                            kind: Identifier(
                                                                Identifier {
                                                                    name: "foo",
                                                                },
                                                            ),
                                                        },
                                                    ],
                                                },
                                            },
                                        },
                                        type_arguments: [],
                                        arguments: [
                                            Expression {
                                                kind: Path {
                                                    path: Path {
                                                        segments: [
                                                            PathSegment {
                                                                kind: Identifier(
                                                                    Identifier {
                                                                        name: "foo",
                                                                    },
                                                                ),
                                                            },
                                                        ],
                                                    },
                                                },
                                            },
                                        ],
                                    },
                                },
                            },
                            Expression {
                                value: Expression {
                                    kind: Field {
                                        receiver: Expression {
                                            kind: Path {
                                                path: Path {
                                                    segments: [
                                                        PathSegment {
                                                            kind: Identifier(
                                                                Identifier {
                                                                    name: "foo",
                                                                },
                                                            ),
                                                        },
                                                    ],
                                                },
                                            },
                                        },
                                        field: Identifier {
                                            name: "bar",
                                        },
                                    },
                                },
                            },
                            Expression {
                                value: Expression {
                                    kind: MethodCall {
                                        receiver: Expression {
                                            kind: Path {
                                                path: Path {
                                                    segments: [
                                                        PathSegment {
                                                            kind: Identifier(
                                                                Identifier {
                                                                    name: "foo",
                                                                },
                                                            ),
                                                        },
                                                    ],
                                                },
                                            },
                                        },
                                        method: Identifier {
                                            name: "bar",
                                        },
                                        type_arguments: [],
                                        arguments: [
                                            Expression {
                                                kind: Path {
                                                    path: Path {
                                                        segments: [
                                                            PathSegment {
                                                                kind: Identifier(
                                                                    Identifier {
                                                                        name: "foo",
                                                                    },
                                                                ),
                                                            },
                                                        ],
                                                    },
                                                },
                                            },
                                        ],
                                    },
                                },
                            },
                            Expression {
                                value: Expression {
                                    kind: Field {
                                        receiver: Expression {
                                            kind: Field {
                                                receiver: Expression {
                                                    kind: Path {
                                                        path: Path {
                                                            segments: [
                                                                PathSegment {
                                                                    kind: Identifier(
                                                                        Identifier {
                                                                            name: "foo",
                                                                        },
                                                                    ),
                                                                },
                                                            ],
                                                        },
                                                    },
                                                },
                                                field: Identifier {
                                                    name: "bar",
                                                },
                                            },
                                        },
                                        field: Identifier {
                                            name: "baz",
                                        },
                                    },
                                },
                            },
                            Expression {
                                value: Expression {
                                    kind: MethodCall {
                                        receiver: Expression {
                                            kind: MethodCall {
                                                receiver: Expression {
                                                    kind: Path {
                                                        path: Path {
                                                            segments: [
                                                                PathSegment {
                                                                    kind: Identifier(
                                                                        Identifier {
                                                                            name: "foo",
                                                                        },
                                                                    ),
                                                                },
                                                            ],
                                                        },
                                                    },
                                                },
                                                method: Identifier {
                                                    name: "bar",
                                                },
                                                type_arguments: [],
                                                arguments: [
                                                    Expression {
                                                        kind: Path {
                                                            path: Path {
                                                                segments: [
                                                                    PathSegment {
                                                                        kind: Identifier(
                                                                            Identifier {
                                                                                name: "foo",
                                                                            },
                                                                        ),
                                                                    },
                                                                ],
                                                            },
                                                        },
                                                    },
                                                ],
                                            },
                                        },
                                        method: Identifier {
                                            name: "baz",
                                        },
                                        type_arguments: [],
                                        arguments: [
                                            Expression {
                                                kind: MethodCall {
                                                    receiver: Expression {
                                                        kind: Path {
                                                            path: Path {
                                                                segments: [
                                                                    PathSegment {
                                                                        kind: Identifier(
                                                                            Identifier {
                                                                                name: "foo",
                                                                            },
                                                                        ),
                                                                    },
                                                                ],
                                                            },
                                                        },
                                                    },
                                                    method: Identifier {
                                                        name: "bar",
                                                    },
                                                    type_arguments: [],
                                                    arguments: [
                                                        Expression {
                                                            kind: Path {
                                                                path: Path {
                                                                    segments: [
                                                                        PathSegment {
                                                                            kind: Identifier(
                                                                                Identifier {
                                                                                    name: "foo",
                                                                                },
                                                                            ),
                                                                        },
                                                                    ],
                                                                },
                                                            },
                                                        },
                                                    ],
                                                },
                                            },
                                        ],
                                    },
                                },
                            },
                            Expression {
                                value: Expression {
                                    kind: Index {
                                        collection: Expression {
                                            kind: Path {
                                                path: Path {
                                                    segments: [
                                                        PathSegment {
                                                            kind: Identifier(
                                                                Identifier {
                                                                    name: "foo",
                                                                },
                                                            ),
                                                        },
                                                    ],
                                                },
                                            },
                                        },
                                        index: Expression {
                                            kind: Path {
                                                path: Path {
                                                    segments: [
                                                        PathSegment {
                                                            kind: Identifier(
                                                                Identifier {
                                                                    name: "foo",
                                                                },
                                                            ),
                                                        },
                                                    ],
                                                },
                                            },
                                        },
                                    },
                                },
                            },
                            Expression {
                                value: Expression {
                                    kind: Assignment {
                                        left: Expression {
                                            kind: Path {
                                                path: Path {
                                                    segments: [
                                                        PathSegment {
                                                            kind: Identifier(
                                                                Identifier {
                                                                    name: "foo",
                                                                },
                                                            ),
                                                        },
                                                    ],
                                                },
                                            },
                                        },
                                        operator: Add,
                                        right: Expression {
                                            kind: Path {
                                                path: Path {
                                                    segments: [
                                                        PathSegment {
                                                            kind: Identifier(
                                                                Identifier {
                                                                    name: "foo",
                                                                },
                                                            ),
                                                        },
                                                    ],
                                                },
                                            },
                                        },
                                    },
                                },
                            },
                        ],
                    ),
                },
            },
        ],
        children: {},
    },
)
