---
source: compiler/danubec_lex/src/tests.rs
expression: tokens
---
[
    (
        NEW_LINE,
        "\n",
    ),
    (
        TAB,
        "\t",
    ),
    (
        TILDE,
        "~",
    ),
    (
        EXCLAMATION,
        "!",
    ),
    (
        AT,
        "@",
    ),
    (
        HASH,
        "#",
    ),
    (
        PERCENT,
        "%",
    ),
    (
        CARET,
        "^",
    ),
    (
        AMPERSAND,
        "&",
    ),
    (
        ASTERISK,
        "*",
    ),
    (
        HYPHEN,
        "-",
    ),
    (
        PLUS,
        "+",
    ),
    (
        EQUAL,
        "=",
    ),
    (
        PIPE,
        "|",
    ),
    (
        COLON,
        ":",
    ),
    (
        SEMICOLON,
        ";",
    ),
    (
        COMMA,
        ",",
    ),
    (
        DOT,
        ".",
    ),
    (
        SLASH,
        "/",
    ),
    (
        QUESTION,
        "?",
    ),
    (
        LEFT_BRACE,
        "{",
    ),
    (
        RIGHT_BRACE,
        "}",
    ),
    (
        LEFT_BRACKET,
        "[",
    ),
    (
        RIGHT_BRACKET,
        "]",
    ),
    (
        LEFT_PAREN,
        "(",
    ),
    (
        RIGHT_PAREN,
        ")",
    ),
    (
        LEFT_CHEVRON,
        "<",
    ),
    (
        RIGHT_CHEVRON,
        ">",
    ),
]
