---
source: compiler/danubec_lex/src/lib.rs
expression: tokens
---
[
    (
        FN,
        "fn",
    ),
    (
        WHITESPACE,
        " ",
    ),
    (
        LET,
        "let",
    ),
    (
        WHITESPACE,
        " ",
    ),
    (
        TRUE,
        "true",
    ),
    (
        WHITESPACE,
        " ",
    ),
    (
        FALSE,
        "false",
    ),
    (
        WHITESPACE,
        " ",
    ),
    (
        PUB,
        "pub",
    ),
    (
        WHITESPACE,
        " ",
    ),
    (
        CRATE,
        "crate",
    ),
    (
        WHITESPACE,
        " ",
    ),
    (
        SUPER,
        "super",
    ),
    (
        WHITESPACE,
        " ",
    ),
    (
        IN,
        "in",
    ),
    (
        WHITESPACE,
        " ",
    ),
    (
        TYPE,
        "type",
    ),
    (
        WHITESPACE,
        " ",
    ),
    (
        WHERE,
        "where",
    ),
    (
        WHITESPACE,
        " ",
    ),
    (
        STRUCT,
        "struct",
    ),
    (
        WHITESPACE,
        " ",
    ),
    (
        ENUM,
        "enum",
    ),
    (
        WHITESPACE,
        " ",
    ),
    (
        TRAIT,
        "trait",
    ),
    (
        WHITESPACE,
        " ",
    ),
    (
        IMPL,
        "impl",
    ),
    (
        WHITESPACE,
        " ",
    ),
    (
        CONST,
        "const",
    ),
    (
        WHITESPACE,
        " ",
    ),
    (
        STATIC,
        "static",
    ),
    (
        WHITESPACE,
        " ",
    ),
    (
        USE,
        "use",
    ),
    (
        WHITESPACE,
        " ",
    ),
    (
        MOD,
        "mod",
    ),
    (
        WHITESPACE,
        " ",
    ),
    (
        SELF,
        "self",
    ),
    (
        WHITESPACE,
        " ",
    ),
    (
        SELF_UPPERCASE,
        "Self",
    ),
    (
        WHITESPACE,
        " ",
    ),
    (
        AS,
        "as",
    ),
    (
        WHITESPACE,
        " ",
    ),
    (
        FOR,
        "for",
    ),
]
