---
source: compiler/danubec_lex/src/lib.rs
expression: tokens
---
[
    (
        FN,
        "fn",
    ),
    (
        WHITESPACE,
        " ",
    ),
    (
        LET,
        "let",
    ),
    (
        WHITESPACE,
        " ",
    ),
    (
        TRUE,
        "true",
    ),
    (
        WHITESPACE,
        " ",
    ),
    (
        FALSE,
        "false",
    ),
    (
        WHITESPACE,
        " ",
    ),
    (
        PUB,
        "pub",
    ),
    (
        WHITESPACE,
        " ",
    ),
    (
        CRATE,
        "crate",
    ),
    (
        WHITESPACE,
        " ",
    ),
    (
        SUPER,
        "super",
    ),
    (
        WHITESPACE,
        " ",
    ),
    (
        IN,
        "in",
    ),
    (
        WHITESPACE,
        " ",
    ),
    (
        TYPE,
        "type",
    ),
    (
        WHITESPACE,
        " ",
    ),
    (
        WHERE,
        "where",
    ),
]
